// Jest Snapshot v1, https://goo.gl/fbAQLP

exports[`Input component matches the edited snapshot 1`] = `<div><label for="inputundefined">:</label><br> <input id="inputundefined" class="form-control"></div>`;

exports[`Input component matches the primary snapshot 1`] = `<div><label for="inputundefined">:</label><br> <input id="inputundefined" class="form-control"></div>`;
