// Jest Snapshot v1, https://goo.gl/fbAQLP

exports[`DateInput component matches a filled in snapshot 1`] = `
<div>
  <fieldset>
    <legend class="date--legend">Date:</legend>
    <div class="date-row"><label for="monthSelect">Month:</label> <select id="monthSelect" class="form-control monthSelect">
        <option value="null" label="Month" selected="selected"></option>
        <option value="0">January</option>
        <option value="1">February</option>
        <option value="2">March</option>
        <option value="3">April</option>
        <option value="4">May</option>
        <option value="5">June</option>
        <option value="6">July</option>
        <option value="7">August</option>
        <option value="8">September</option>
        <option value="9">October</option>
        <option value="10">November</option>
        <option value="11">December</option>
      </select> <label for="dayInput">Day:</label> <input id="dayInput" type="number" placeholder="Day" maxlength="2" autocomplete="off" class="form-control dayInput"> <label for="yearInput">Year:</label> <input id="yearInput" type="number" placeholder="Year" maxlength="4" autocomplete="off" class="form-control yearInput"></div>
  </fieldset>
</div>
`;

exports[`DateInput component matches an invalid date snapshot 1`] = `
<div>
  <fieldset>
    <legend class="date--legend">Date:</legend>
    <div class="date-row"><label for="monthSelect">Month:</label> <select id="monthSelect" class="form-control monthSelect">
        <option value="null" label="Month" selected="selected"></option>
        <option value="0">January</option>
        <option value="1">February</option>
        <option value="2">March</option>
        <option value="3">April</option>
        <option value="4">May</option>
        <option value="5">June</option>
        <option value="6">July</option>
        <option value="7">August</option>
        <option value="8">September</option>
        <option value="9">October</option>
        <option value="10">November</option>
        <option value="11">December</option>
      </select> <label for="dayInput">Day:</label> <input id="dayInput" type="number" placeholder="Day" maxlength="2" autocomplete="off" class="form-control dayInput"> <label for="yearInput">Year:</label> <input id="yearInput" type="number" placeholder="Year" maxlength="4" autocomplete="off" class="form-control yearInput"></div>
  </fieldset>
</div>
`;

exports[`DateInput component matches the primary snapshot 1`] = `
<div>
  <fieldset>
    <legend class="date--legend">Date:</legend>
    <div class="date-row"><label for="monthSelect">Month:</label> <select id="monthSelect" class="form-control monthSelect">
        <option value="null" label="Month" selected="selected"></option>
        <option value="0">January</option>
        <option value="1">February</option>
        <option value="2">March</option>
        <option value="3">April</option>
        <option value="4">May</option>
        <option value="5">June</option>
        <option value="6">July</option>
        <option value="7">August</option>
        <option value="8">September</option>
        <option value="9">October</option>
        <option value="10">November</option>
        <option value="11">December</option>
      </select> <label for="dayInput">Day:</label> <input id="dayInput" type="number" placeholder="Day" maxlength="2" autocomplete="off" class="form-control dayInput"> <label for="yearInput">Year:</label> <input id="yearInput" type="number" placeholder="Year" maxlength="4" autocomplete="off" class="form-control yearInput"></div>
  </fieldset>
</div>
`;
